Archive member included because of file (symbol)

c:/winavr/bin/../lib/gcc/avr/4.3.3/avr5\libgcc.a(_udivmodqi4.o)
                              uart.o (__udivmodqi4)
c:/winavr/bin/../lib/gcc/avr/4.3.3/avr5\libgcc.a(_divmodhi4.o)
                              uart.o (__divmodhi4)
c:/winavr/bin/../lib/gcc/avr/4.3.3/avr5\libgcc.a(_udivmodsi4.o)
                              uart.o (__udivmodsi4)
c:/winavr/bin/../lib/gcc/avr/4.3.3/avr5\libgcc.a(_exit.o)
                              c:/winavr/bin/../lib/gcc/avr/4.3.3/../../../../avr/lib/avr5/crtm32.o (exit)
c:/winavr/bin/../lib/gcc/avr/4.3.3/avr5\libgcc.a(_copy_data.o)
                              enc28j60.o (__do_copy_data)
c:/winavr/bin/../lib/gcc/avr/4.3.3/avr5\libgcc.a(_clear_bss.o)
                              counter.o (__do_clear_bss)
c:/winavr/bin/../lib/gcc/avr/4.3.3/avr5\libgcc.a(_udivmodhi4.o)
                              c:/winavr/bin/../lib/gcc/avr/4.3.3/avr5\libgcc.a(_divmodhi4.o) (__udivmodhi4)
c:/winavr/bin/../lib/gcc/avr/4.3.3/../../../../avr/lib/avr5\libc.a(memcmp_P.o)
                              web_if.o (memcmp_P)
c:/winavr/bin/../lib/gcc/avr/4.3.3/../../../../avr/lib/avr5\libc.a(strcmp_P.o)
                              web_if.o (strcmp_P)
c:/winavr/bin/../lib/gcc/avr/4.3.3/../../../../avr/lib/avr5\libc.a(memset.o)
                              lan.o (memset)
c:/winavr/bin/../lib/gcc/avr/4.3.3/../../../../avr/lib/avr5\libc.a(strchr.o)
                              web_if.o (strchr)

Allocating common symbols
Common symbol       size              file

ms_count            0x2               counter.o
led_state           0x1               web_if.o
second_count        0x4               counter.o
net_buf             0x200             lan.o
tick_count          0x4               counter.o
tcp_pool            0x6e              lan.o
dhcp_status         0x1               lan.o
tcp_use_resend      0x1               lan.o
lang_ru             0x1               web_if.o

Memory Configuration

Name             Origin             Length             Attributes
text             0x00000000         0x00020000         xr
data             0x00800060         0x0000ffa0         rw !x
eeprom           0x00810000         0x00010000         rw !x
fuse             0x00820000         0x00000400         rw !x
lock             0x00830000         0x00000400         rw !x
signature        0x00840000         0x00000400         rw !x
*default*        0x00000000         0xffffffff

Linker script and memory map

LOAD c:/winavr/bin/../lib/gcc/avr/4.3.3/../../../../avr/lib/avr5/crtm32.o
LOAD counter.o
LOAD ds1820.o
LOAD enc28j60.o
LOAD lan.o
LOAD main.o
LOAD web_if.o
LOAD uart.o
LOAD c:/winavr/bin/../lib/gcc/avr/4.3.3/avr5\libgcc.a
LOAD c:/winavr/bin/../lib/gcc/avr/4.3.3/../../../../avr/lib/avr5\libc.a
LOAD c:/winavr/bin/../lib/gcc/avr/4.3.3/avr5\libgcc.a

.hash
 *(.hash)

.dynsym
 *(.dynsym)

.dynstr
 *(.dynstr)

.gnu.version
 *(.gnu.version)

.gnu.version_d
 *(.gnu.version_d)

.gnu.version_r
 *(.gnu.version_r)

.rel.init
 *(.rel.init)

.rela.init
 *(.rela.init)

.rel.text
 *(.rel.text)
 *(.rel.text.*)
 *(.rel.gnu.linkonce.t*)

.rela.text
 *(.rela.text)
 *(.rela.text.*)
 *(.rela.gnu.linkonce.t*)

.rel.fini
 *(.rel.fini)

.rela.fini
 *(.rela.fini)

.rel.rodata
 *(.rel.rodata)
 *(.rel.rodata.*)
 *(.rel.gnu.linkonce.r*)

.rela.rodata
 *(.rela.rodata)
 *(.rela.rodata.*)
 *(.rela.gnu.linkonce.r*)

.rel.data
 *(.rel.data)
 *(.rel.data.*)
 *(.rel.gnu.linkonce.d*)

.rela.data
 *(.rela.data)
 *(.rela.data.*)
 *(.rela.gnu.linkonce.d*)

.rel.ctors
 *(.rel.ctors)

.rela.ctors
 *(.rela.ctors)

.rel.dtors
 *(.rel.dtors)

.rela.dtors
 *(.rela.dtors)

.rel.got
 *(.rel.got)

.rela.got
 *(.rela.got)

.rel.bss
 *(.rel.bss)

.rela.bss
 *(.rela.bss)

.rel.plt
 *(.rel.plt)

.rela.plt
 *(.rela.plt)

.text           0x00000000     0x2bb4
 *(.vectors)
 .vectors       0x00000000       0x54 c:/winavr/bin/../lib/gcc/avr/4.3.3/../../../../avr/lib/avr5/crtm32.o
                0x00000000                __vectors
                0x00000000                __vector_default
 *(.vectors)
 *(.progmem.gcc*)
 *(.progmem*)
 .progmem.data  0x00000054      0x253 web_if.o
                0x00000054                webif_404_reply
                0x000000e8                webif_200_header
                0x000002a8                . = ALIGN (0x2)
 *fill*         0x000002a7        0x1 00
                0x000002a8                __trampolines_start = .
 *(.trampolines)
 .trampolines   0x000002a8        0x0 linker stubs
 *(.trampolines*)
                0x000002a8                __trampolines_end = .
 *(.jumptables)
 *(.jumptables*)
 *(.lowtext)
 *(.lowtext*)
                0x000002a8                __ctors_start = .
 *(.ctors)
                0x000002a8                __ctors_end = .
                0x000002a8                __dtors_start = .
 *(.dtors)
                0x000002a8                __dtors_end = .
 SORT(*)(.ctors)
 SORT(*)(.dtors)
 *(.init0)
 .init0         0x000002a8        0x0 c:/winavr/bin/../lib/gcc/avr/4.3.3/../../../../avr/lib/avr5/crtm32.o
                0x000002a8                __init
 *(.init0)
 *(.init1)
 *(.init1)
 *(.init2)
 .init2         0x000002a8        0xc c:/winavr/bin/../lib/gcc/avr/4.3.3/../../../../avr/lib/avr5/crtm32.o
 *(.init2)
 *(.init3)
 *(.init3)
 *(.init4)
 .init4         0x000002b4       0x16 c:/winavr/bin/../lib/gcc/avr/4.3.3/avr5\libgcc.a(_copy_data.o)
                0x000002b4                __do_copy_data
 .init4         0x000002ca       0x10 c:/winavr/bin/../lib/gcc/avr/4.3.3/avr5\libgcc.a(_clear_bss.o)
                0x000002ca                __do_clear_bss
 *(.init4)
 *(.init5)
 *(.init5)
 *(.init6)
 *(.init6)
 *(.init7)
 *(.init7)
 *(.init8)
 *(.init8)
 *(.init9)
 .init9         0x000002da        0x8 c:/winavr/bin/../lib/gcc/avr/4.3.3/../../../../avr/lib/avr5/crtm32.o
 *(.init9)
 *(.text)
 .text          0x000002e2        0x4 c:/winavr/bin/../lib/gcc/avr/4.3.3/../../../../avr/lib/avr5/crtm32.o
                0x000002e2                __vector_1
                0x000002e2                __vector_12
                0x000002e2                __bad_interrupt
                0x000002e2                __vector_6
                0x000002e2                __vector_3
                0x000002e2                __vector_11
                0x000002e2                __vector_13
                0x000002e2                __vector_17
                0x000002e2                __vector_19
                0x000002e2                __vector_7
                0x000002e2                __vector_5
                0x000002e2                __vector_9
                0x000002e2                __vector_2
                0x000002e2                __vector_15
                0x000002e2                __vector_8
                0x000002e2                __vector_14
                0x000002e2                __vector_10
                0x000002e2                __vector_16
                0x000002e2                __vector_18
                0x000002e2                __vector_20
 .text          0x000002e6       0xaa counter.o
                0x00000380                counter_init
                0x000002e6                __vector_4
 .text          0x00000390      0x188 ds1820.o
                0x00000464                ds1820_start
                0x0000047c                ds1820_read
                0x00000432                owi_crc
                0x00000390                owi_write
                0x00000408                owi_reset
                0x000003d4                owi_read
 .text          0x00000518      0x43a enc28j60.o
                0x00000584                enc28j60_set_bank
                0x0000081e                enc28j60_send_packet
                0x0000073e                enc28j60_init
                0x00000698                enc28j60_read_buffer
                0x0000054e                enc28j60_write_op
                0x000006ec                enc28j60_read_phy
                0x00000896                enc28j60_recv_packet
                0x000005c6                enc28j60_rcr
                0x00000632                enc28j60_wcr16
                0x0000067c                enc28j60_bfs
                0x00000518                enc28j60_rxtx
                0x00000660                enc28j60_bfc
                0x0000060e                enc28j60_wcr
                0x00000568                enc28j60_soft_reset
                0x000006c2                enc28j60_write_buffer
                0x00000716                enc28j60_write_phy
                0x00000522                enc28j60_read_op
                0x000005da                enc28j60_rcr16
 .text          0x00000952     0x1c70 lan.o
                0x00001102                tcp_reply
                0x00001682                dhcp_poll
                0x00000f94                icmp_filter
                0x00000b98                sent_eth_test
                0x00000952                tcp_step
                0x00000d3c                arp_filter
                0x00000ff8                udp_reply
                0x00001e6c                udp_filter
                0x00000b48                lan_up
                0x00001ecc                tcp_filter
                0x000019f2                dhcp_filter
                0x0000259c                lan_poll
                0x00000f0a                ip_reply
                0x00000ac4                arp_search_cache
                0x000011be                tcp_send
                0x0000151e                tcp_open
                0x0000109e                eth_resend
                0x00000b68                lan_init
                0x00001360                ip_send
                0x000014a2                udp_send
                0x00000a34                ip_cksum
                0x00001230                arp_resolve
                0x00000cfc                eth_reply
                0x00002438                ip_filter
                0x0000199a                tcp_poll
                0x000010a8                ip_resend
                0x00001082                eth_send
                0x00002544                eth_filter
 .text          0x000025c2       0x9c main.o
                0x00002658                tcp_data
                0x000025c2                tcp_listen
                0x000025e0                tcp_opened
                0x000025e4                udp_packet
                0x000025f4                main
                0x000025e2                tcp_closed
 .text          0x0000265e      0x288 web_if.o
                0x00002688                webif_data
                0x0000267e                webif_init
                0x0000265e                fill_buf_p
 .text          0x000028e6      0x1d0 uart.o
                0x00002a56                send_MAC
                0x000028f8                send_Uart
                0x000029b8                send_int32_Uart
                0x0000295a                my_uitoa
                0x000029f8                send_IP
                0x000028e6                init_UART
                0x00002900                send_Uart_str
                0x00002914                send_int_Uart
 .text          0x00002ab6        0x0 c:/winavr/bin/../lib/gcc/avr/4.3.3/avr5\libgcc.a(_udivmodqi4.o)
 .text          0x00002ab6        0x0 c:/winavr/bin/../lib/gcc/avr/4.3.3/avr5\libgcc.a(_divmodhi4.o)
 .text          0x00002ab6        0x0 c:/winavr/bin/../lib/gcc/avr/4.3.3/avr5\libgcc.a(_udivmodsi4.o)
 .text          0x00002ab6        0x0 c:/winavr/bin/../lib/gcc/avr/4.3.3/avr5\libgcc.a(_exit.o)
 .text          0x00002ab6        0x0 c:/winavr/bin/../lib/gcc/avr/4.3.3/avr5\libgcc.a(_copy_data.o)
 .text          0x00002ab6        0x0 c:/winavr/bin/../lib/gcc/avr/4.3.3/avr5\libgcc.a(_clear_bss.o)
 .text          0x00002ab6        0x0 c:/winavr/bin/../lib/gcc/avr/4.3.3/avr5\libgcc.a(_udivmodhi4.o)
 .text          0x00002ab6        0x0 c:/winavr/bin/../lib/gcc/avr/4.3.3/../../../../avr/lib/avr5\libc.a(memcmp_P.o)
 .text          0x00002ab6        0x0 c:/winavr/bin/../lib/gcc/avr/4.3.3/../../../../avr/lib/avr5\libc.a(strcmp_P.o)
 .text          0x00002ab6        0x0 c:/winavr/bin/../lib/gcc/avr/4.3.3/../../../../avr/lib/avr5\libc.a(memset.o)
 .text          0x00002ab6        0x0 c:/winavr/bin/../lib/gcc/avr/4.3.3/../../../../avr/lib/avr5\libc.a(strchr.o)
                0x00002ab6                . = ALIGN (0x2)
 *(.text.*)
 .text.libgcc   0x00002ab6       0x18 c:/winavr/bin/../lib/gcc/avr/4.3.3/avr5\libgcc.a(_udivmodqi4.o)
                0x00002ab6                __udivmodqi4
 .text.libgcc   0x00002ace       0x26 c:/winavr/bin/../lib/gcc/avr/4.3.3/avr5\libgcc.a(_divmodhi4.o)
                0x00002ace                __divmodhi4
                0x00002ace                _div
 .text.libgcc   0x00002af4       0x44 c:/winavr/bin/../lib/gcc/avr/4.3.3/avr5\libgcc.a(_udivmodsi4.o)
                0x00002af4                __udivmodsi4
 .text.libgcc   0x00002b38        0x0 c:/winavr/bin/../lib/gcc/avr/4.3.3/avr5\libgcc.a(_exit.o)
 .text.libgcc   0x00002b38        0x0 c:/winavr/bin/../lib/gcc/avr/4.3.3/avr5\libgcc.a(_copy_data.o)
 .text.libgcc   0x00002b38        0x0 c:/winavr/bin/../lib/gcc/avr/4.3.3/avr5\libgcc.a(_clear_bss.o)
 .text.libgcc   0x00002b38       0x28 c:/winavr/bin/../lib/gcc/avr/4.3.3/avr5\libgcc.a(_udivmodhi4.o)
                0x00002b38                __udivmodhi4
 .text.avr-libc
                0x00002b60       0x1a c:/winavr/bin/../lib/gcc/avr/4.3.3/../../../../avr/lib/avr5\libc.a(memcmp_P.o)
                0x00002b60                memcmp_P
 .text.avr-libc
                0x00002b7a       0x12 c:/winavr/bin/../lib/gcc/avr/4.3.3/../../../../avr/lib/avr5\libc.a(strcmp_P.o)
                0x00002b7a                strcmp_P
 .text.avr-libc
                0x00002b8c        0xe c:/winavr/bin/../lib/gcc/avr/4.3.3/../../../../avr/lib/avr5\libc.a(memset.o)
                0x00002b8c                memset
 .text.avr-libc
                0x00002b9a       0x16 c:/winavr/bin/../lib/gcc/avr/4.3.3/../../../../avr/lib/avr5\libc.a(strchr.o)
                0x00002b9a                strchr
                0x00002bb0                . = ALIGN (0x2)
 *(.fini9)
 .fini9         0x00002bb0        0x0 c:/winavr/bin/../lib/gcc/avr/4.3.3/avr5\libgcc.a(_exit.o)
                0x00002bb0                exit
                0x00002bb0                _exit
 *(.fini9)
 *(.fini8)
 *(.fini8)
 *(.fini7)
 *(.fini7)
 *(.fini6)
 *(.fini6)
 *(.fini5)
 *(.fini5)
 *(.fini4)
 *(.fini4)
 *(.fini3)
 *(.fini3)
 *(.fini2)
 *(.fini2)
 *(.fini1)
 *(.fini1)
 *(.fini0)
 .fini0         0x00002bb0        0x4 c:/winavr/bin/../lib/gcc/avr/4.3.3/avr5\libgcc.a(_exit.o)
 *(.fini0)
                0x00002bb4                _etext = .

.data           0x00800060      0x40a load address 0x00002bb4
                0x00800060                PROVIDE (__data_start, .)
 *(.data)
 .data          0x00800060        0x0 c:/winavr/bin/../lib/gcc/avr/4.3.3/../../../../avr/lib/avr5/crtm32.o
 .data          0x00800060        0x0 counter.o
 .data          0x00800060        0x0 ds1820.o
 .data          0x00800060        0x2 enc28j60.o
 .data          0x00800062      0x3bc lan.o
 .data          0x0080041e       0x31 main.o
 .data          0x0080044f       0x1a web_if.o
 .data          0x00800469        0x0 uart.o
 .data          0x00800469        0x0 c:/winavr/bin/../lib/gcc/avr/4.3.3/avr5\libgcc.a(_udivmodqi4.o)
 .data          0x00800469        0x0 c:/winavr/bin/../lib/gcc/avr/4.3.3/avr5\libgcc.a(_divmodhi4.o)
 .data          0x00800469        0x0 c:/winavr/bin/../lib/gcc/avr/4.3.3/avr5\libgcc.a(_udivmodsi4.o)
 .data          0x00800469        0x0 c:/winavr/bin/../lib/gcc/avr/4.3.3/avr5\libgcc.a(_exit.o)
 .data          0x00800469        0x0 c:/winavr/bin/../lib/gcc/avr/4.3.3/avr5\libgcc.a(_copy_data.o)
 .data          0x00800469        0x0 c:/winavr/bin/../lib/gcc/avr/4.3.3/avr5\libgcc.a(_clear_bss.o)
 .data          0x00800469        0x0 c:/winavr/bin/../lib/gcc/avr/4.3.3/avr5\libgcc.a(_udivmodhi4.o)
 .data          0x00800469        0x0 c:/winavr/bin/../lib/gcc/avr/4.3.3/../../../../avr/lib/avr5\libc.a(memcmp_P.o)
 .data          0x00800469        0x0 c:/winavr/bin/../lib/gcc/avr/4.3.3/../../../../avr/lib/avr5\libc.a(strcmp_P.o)
 .data          0x00800469        0x0 c:/winavr/bin/../lib/gcc/avr/4.3.3/../../../../avr/lib/avr5\libc.a(memset.o)
 .data          0x00800469        0x0 c:/winavr/bin/../lib/gcc/avr/4.3.3/../../../../avr/lib/avr5\libc.a(strchr.o)
 *(.data*)
 *(.rodata)
 *(.rodata*)
 *(.gnu.linkonce.d*)
                0x0080046a                . = ALIGN (0x2)
 *fill*         0x00800469        0x1 00
                0x0080046a                _edata = .
                0x0080046a                PROVIDE (__data_end, .)

.bss            0x0080046a      0x2bb
                0x0080046a                PROVIDE (__bss_start, .)
 *(.bss)
 .bss           0x0080046a        0x0 c:/winavr/bin/../lib/gcc/avr/4.3.3/../../../../avr/lib/avr5/crtm32.o
 .bss           0x0080046a        0x0 counter.o
 .bss           0x0080046a        0x0 ds1820.o
 .bss           0x0080046a        0x4 enc28j60.o
                0x0080046b                enc28j60_rxrdpt
                0x0080046d                test
                0x0080046a                enc28j60_current_bank
 .bss           0x0080046e       0x3b lan.o
 .bss           0x008004a9        0x0 main.o
 .bss           0x008004a9        0x0 web_if.o
 .bss           0x008004a9        0x0 uart.o
 .bss           0x008004a9        0x0 c:/winavr/bin/../lib/gcc/avr/4.3.3/avr5\libgcc.a(_udivmodqi4.o)
 .bss           0x008004a9        0x0 c:/winavr/bin/../lib/gcc/avr/4.3.3/avr5\libgcc.a(_divmodhi4.o)
 .bss           0x008004a9        0x0 c:/winavr/bin/../lib/gcc/avr/4.3.3/avr5\libgcc.a(_udivmodsi4.o)
 .bss           0x008004a9        0x0 c:/winavr/bin/../lib/gcc/avr/4.3.3/avr5\libgcc.a(_exit.o)
 .bss           0x008004a9        0x0 c:/winavr/bin/../lib/gcc/avr/4.3.3/avr5\libgcc.a(_copy_data.o)
 .bss           0x008004a9        0x0 c:/winavr/bin/../lib/gcc/avr/4.3.3/avr5\libgcc.a(_clear_bss.o)
 .bss           0x008004a9        0x0 c:/winavr/bin/../lib/gcc/avr/4.3.3/avr5\libgcc.a(_udivmodhi4.o)
 .bss           0x008004a9        0x0 c:/winavr/bin/../lib/gcc/avr/4.3.3/../../../../avr/lib/avr5\libc.a(memcmp_P.o)
 .bss           0x008004a9        0x0 c:/winavr/bin/../lib/gcc/avr/4.3.3/../../../../avr/lib/avr5\libc.a(strcmp_P.o)
 .bss           0x008004a9        0x0 c:/winavr/bin/../lib/gcc/avr/4.3.3/../../../../avr/lib/avr5\libc.a(memset.o)
 .bss           0x008004a9        0x0 c:/winavr/bin/../lib/gcc/avr/4.3.3/../../../../avr/lib/avr5\libc.a(strchr.o)
 *(.bss*)
 *(COMMON)
 COMMON         0x008004a9        0xa counter.o
                0x008004a9                ms_count
                0x008004ab                second_count
                0x008004af                tick_count
 COMMON         0x008004b3      0x270 lan.o
                0x008004b3                net_buf
                0x008006b3                tcp_pool
                0x00800721                dhcp_status
                0x00800722                tcp_use_resend
 COMMON         0x00800723        0x2 web_if.o
                0x00800723                led_state
                0x00800724                lang_ru
                0x00800725                PROVIDE (__bss_end, .)
                0x00002bb4                __data_load_start = LOADADDR (.data)
                0x00002fbe                __data_load_end = (__data_load_start + SIZEOF (.data))

.noinit         0x00800725        0x0
                0x00800725                PROVIDE (__noinit_start, .)
 *(.noinit*)
                0x00800725                PROVIDE (__noinit_end, .)
                0x00800725                _end = .
                0x00800725                PROVIDE (__heap_start, .)

.eeprom         0x00810000        0x0
 *(.eeprom*)
                0x00810000                __eeprom_end = .

.fuse
 *(.fuse)
 *(.lfuse)
 *(.hfuse)
 *(.efuse)

.lock
 *(.lock*)

.signature
 *(.signature*)

.stab
 *(.stab)

.stabstr
 *(.stabstr)

.stab.excl
 *(.stab.excl)

.stab.exclstr
 *(.stab.exclstr)

.stab.index
 *(.stab.index)

.stab.indexstr
 *(.stab.indexstr)

.comment
 *(.comment)

.debug
 *(.debug)

.line
 *(.line)

.debug_srcinfo
 *(.debug_srcinfo)

.debug_sfnames
 *(.debug_sfnames)

.debug_aranges  0x00000000       0xe0
 *(.debug_aranges)
 .debug_aranges
                0x00000000       0x20 counter.o
 .debug_aranges
                0x00000020       0x20 ds1820.o
 .debug_aranges
                0x00000040       0x20 enc28j60.o
 .debug_aranges
                0x00000060       0x20 lan.o
 .debug_aranges
                0x00000080       0x20 main.o
 .debug_aranges
                0x000000a0       0x20 web_if.o
 .debug_aranges
                0x000000c0       0x20 uart.o

.debug_pubnames
                0x00000000      0x5d8
 *(.debug_pubnames)
 .debug_pubnames
                0x00000000       0x5f counter.o
 .debug_pubnames
                0x0000005f       0x68 ds1820.o
 .debug_pubnames
                0x000000c7      0x1c2 enc28j60.o
 .debug_pubnames
                0x00000289      0x1dd lan.o
 .debug_pubnames
                0x00000466       0x64 main.o
 .debug_pubnames
                0x000004ca       0x82 web_if.o
 .debug_pubnames
                0x0000054c       0x8c uart.o

.debug_info     0x00000000     0x2f2a
 *(.debug_info)
 .debug_info    0x00000000       0xd1 counter.o
 .debug_info    0x000000d1      0x4f6 ds1820.o
 .debug_info    0x000005c7      0x60d enc28j60.o
 .debug_info    0x00000bd4     0x11f3 lan.o
 .debug_info    0x00001dc7      0x480 main.o
 .debug_info    0x00002247      0x966 web_if.o
 .debug_info    0x00002bad      0x37d uart.o
 *(.gnu.linkonce.wi.*)

.debug_abbrev   0x00000000      0xb6e
 *(.debug_abbrev)
 .debug_abbrev  0x00000000       0x70 counter.o
 .debug_abbrev  0x00000070      0x1b1 ds1820.o
 .debug_abbrev  0x00000221      0x1a2 enc28j60.o
 .debug_abbrev  0x000003c3      0x2c8 lan.o
 .debug_abbrev  0x0000068b      0x1ab main.o
 .debug_abbrev  0x00000836      0x1ba web_if.o
 .debug_abbrev  0x000009f0      0x17e uart.o

.debug_line     0x00000000     0x2462
 *(.debug_line)
 .debug_line    0x00000000       0xde counter.o
 .debug_line    0x000000de      0x366 ds1820.o
 .debug_line    0x00000444      0x620 enc28j60.o
 .debug_line    0x00000a64     0x11ac lan.o
 .debug_line    0x00001c10      0x1f8 main.o
 .debug_line    0x00001e08      0x36d web_if.o
 .debug_line    0x00002175      0x2ed uart.o

.debug_frame    0x00000000      0x4e0
 *(.debug_frame)
 .debug_frame   0x00000000       0x30 counter.o
 .debug_frame   0x00000030       0x70 ds1820.o
 .debug_frame   0x000000a0      0x130 enc28j60.o
 .debug_frame   0x000001d0      0x1d0 lan.o
 .debug_frame   0x000003a0       0x70 main.o
 .debug_frame   0x00000410       0x40 web_if.o
 .debug_frame   0x00000450       0x90 uart.o

.debug_str      0x00000000      0x9f1
 *(.debug_str)
 .debug_str     0x00000000       0xb6 counter.o
                                 0xea (size before relaxing)
 .debug_str     0x000000b6       0xb1 ds1820.o
                                0x158 (size before relaxing)
 .debug_str     0x00000167      0x19c enc28j60.o
                                0x275 (size before relaxing)
 .debug_str     0x00000303      0x59d lan.o
                                0x6cf (size before relaxing)
 .debug_str     0x000008a0       0x46 main.o
                                0x235 (size before relaxing)
 .debug_str     0x000008e6       0x9b web_if.o
                                0x240 (size before relaxing)
 .debug_str     0x00000981       0x70 uart.o
                                0x12d (size before relaxing)

.debug_loc      0x00000000     0x1d5b
 *(.debug_loc)
 .debug_loc     0x00000000      0x176 ds1820.o
 .debug_loc     0x00000176      0x40c enc28j60.o
 .debug_loc     0x00000582     0x1048 lan.o
 .debug_loc     0x000015ca       0xf1 main.o
 .debug_loc     0x000016bb      0x5a2 web_if.o
 .debug_loc     0x00001c5d       0xfe uart.o

.debug_macinfo
 *(.debug_macinfo)
OUTPUT(webif.elf elf32-avr)
LOAD linker stubs

.debug_ranges   0x00000000      0x300
 .debug_ranges  0x00000000      0x288 ds1820.o
 .debug_ranges  0x00000288       0x18 enc28j60.o
 .debug_ranges  0x000002a0       0x60 uart.o
